
  40:18  error  Unexpected any. Specify 
a different type  
@typescript-eslint/no-explicit-any
  52:18  error  Unexpected any. Specify 
a different type  
@typescript-eslint/no-explicit-any
  66:18  error  Unexpected any. Specify 
a different type  
@typescript-eslint/no-explicit-any
  44:18  error  Unexpected any. Specify 
a different type  
@typescript-eslint/no-explicit-any
  58:18  error  Unexpected any. Specify 
a different type  
@typescript-eslint/no-explicit-any
  5:59  warning  'Link' is defined but 
never used  
@typescript-eslint/no-unused-vars
  8:10  warning  'TextGenerateEffect' 
is defined but never used  
@typescript-eslint/no-unused-vars
  51:50  warning  'name' is defined but 
never used  
@typescript-eslint/no-unused-vars
  13:20  error  Unexpected any. Specify 
a different type  
@typescript-eslint/no-explicit-any
Γ£û 9 problems (6 errors, 3 warnings)


